// Jest Snapshot v1, https://goo.gl/fbAQLP

exports[`Testes para o componente <ActionButtonControl /> Teste de snapshot Deve manter o snapshot do ActionButtonControl 1`] = `
<div>
  <button
    class="inline-flex h-10 w-full items-center justify-between rounded-lg border border-zinc-800 bg-transparent px-4 py-2 text-sm font-medium text-zinc-500 hover:text-zinc-400 focus:outline-none"
    role="button"
  >
    Clique aqui
  </button>
</div>
`;
